<dec f='luajit/lj_jit.h' l='262' type='SnapShot *'/>
<use f='luajit/lj_jit.h' l='294' u='r' c='snap_nextofs'/>
<offset>384</offset>
<doc f='luajit/lj_jit.h' l='262'>/* Snapshot array. */</doc>
<use f='luajit/lib_jit.c' l='367' u='r' c='lj_cf_jit_util_tracesnap'/>
<use f='luajit/lj_asm.c' l='966' u='r' c='asm_snap_alloc'/>
<use f='luajit/lj_asm.c' l='1031' u='r' c='asm_snap_prev'/>
<use f='luajit/lj_asm.c' l='1032' u='r' c='asm_snap_prev'/>
<use f='luajit/lj_asm.c' l='1042' u='r' c='asm_snap_fixup_mcofs'/>
<use f='luajit/lj_asm.c' l='2055' u='r' c='asm_tail_link'/>
<use f='luajit/lj_asm.c' l='2480' u='r' c='lj_asm_trace'/>
<use f='luajit/lj_opt_dce.c' l='25' u='r' c='dce_marksnap'/>
<use f='luajit/lj_opt_loop.c' l='147' u='r' c='loop_emit_phi'/>
<use f='luajit/lj_opt_loop.c' l='216' u='r' c='loop_subst_snap'/>
<use f='luajit/lj_opt_loop.c' l='296' u='r' c='loop_unroll'/>
<use f='luajit/lj_opt_loop.c' l='299' u='r' c='loop_unroll'/>
<use f='luajit/lj_opt_loop.c' l='308' u='r' c='loop_unroll'/>
<use f='luajit/lj_opt_loop.c' l='376' u='r' c='loop_unroll'/>
<use f='luajit/lj_opt_loop.c' l='378' u='r' c='loop_unroll'/>
<use f='luajit/lj_opt_loop.c' l='387' u='r' c='loop_undo'/>
<use f='luajit/lj_opt_loop.c' l='389' u='r' c='loop_undo'/>
<use f='luajit/lj_opt_sink.c' l='240' u='r' c='lj_opt_sink'/>
<use f='luajit/lj_record.c' l='1971' u='r' c='rec_comp_prep'/>
<use f='luajit/lj_record.c' l='1981' u='r' c='rec_comp_fixup'/>
<use f='luajit/lj_record.c' l='2019' u='r' c='lj_record_ins'/>
<use f='luajit/lj_record.c' l='2623' u='r' c='lj_record_setup'/>
<use f='luajit/lj_record.c' l='2637' u='r' c='lj_record_setup'/>
<use f='luajit/lj_snap.c' l='44' u='w' c='lj_snap_grow_buf_'/>
<use f='luajit/lj_snap.c' l='186' u='r' c='lj_snap_add'/>
<use f='luajit/lj_snap.c' l='192' u='r' c='lj_snap_add'/>
<use f='luajit/lj_snap.c' l='200' u='r' c='lj_snap_add'/>
<use f='luajit/lj_snap.c' l='326' u='r' c='lj_snap_shrink'/>
<use f='luajit/lj_snap.c' l='376' u='r' c='lj_snap_regspmap'/>
<use f='luajit/lj_snap.c' l='475' u='r' c='lj_snap_replay'/>
<use f='luajit/lj_snap.c' l='800' u='r' c='snap_unsink'/>
<use f='luajit/lj_snap.c' l='838' u='r' c='snap_unsink'/>
<use f='luajit/lj_snap.c' l='874' u='r' c='lj_snap_restore'/>
<use f='luajit/lj_trace.c' l='157' u='w' c='trace_save'/>
<use f='luajit/lj_trace.c' l='157' u='r' c='trace_save'/>
<use f='luajit/lj_trace.c' l='442' u='w' c='trace_start'/>
<use f='luajit/lj_trace.c' l='502' u='r' c='trace_stop'/>
<use f='luajit/lj_trace.c' l='509' u='r' c='trace_stop'/>
<use f='luajit/lj_trace.c' l='692' u='r' c='trace_state'/>
<use f='luajit/lj_trace.c' l='755' u='r' c='trace_hotside'/>
<use f='luajit/lj_trace.c' l='945' u='r' c='lj_trace_unwind'/>
